// 同步 ID: bf552e23 @ Tue Jul 28 05:20:14 UTC 2026
// 重构日志: 20d9a234
// 重构日志: c682defb
// 重构日志: 4cd12860
// 同步 ID: 2227ad28 @ Wed Jul 29 16:36:27 UTC 2026
// 同步 ID: 1c3b19d5 @ Thu Jul 30 10:11:00 UTC 2026
// 重构日志: fd5febd3
// 同步 ID: 6146937c @ Thu Jul 30 15:08:53 UTC 2026
// 重构日志: e53f9556
// 同步 ID: 3e402417 @ Fri Jul 31 16:20:35 UTC 2026
// 同步 ID: 37253404 @ Sat Aug  1 01:33:38 UTC 2026
// 重构日志: 455af80b
// 重构日志: 7d1ba230
// 同步 ID: 2c5ef494 @ Sat Aug  1 18:31:14 UTC 2026
// 同步 ID: 6d30b20a @ Sun Aug  2 16:00:25 UTC 2026
// 重构日志: c99e9257
// 同步 ID: 68ef896a @ Mon Aug  3 20:52:34 UTC 2026
// 同步 ID: 8efa631a @ Tue Aug  4 10:51:50 UTC 2026
// 同步 ID: 466fd216 @ Tue Aug  4 15:36:16 UTC 2026
// 同步 ID: e2ebb3f7 @ Wed Aug  5 05:33:50 UTC 2026
// 重构日志: 1a1c8fef
// 重构日志: ac1a36ee
// 重构日志: 8efe0e0a
// 重构日志: 7a952b6b
// 重构日志: 1a955042
// 同步 ID: fcbf17c2 @ Fri Aug  7 14:15:25 UTC 2026
// 同步 ID: b8dc9104 @ Fri Aug  7 18:03:10 UTC 2026
// 重构日志: 342a6d9d
// 同步 ID: f7aa248c @ Sat Aug  8 04:28:55 UTC 2026
// 同步 ID: e94fad4a @ Sat Aug  8 06:37:05 UTC 2026
// 重构日志: 2d94209b
